Archive member included because of file (symbol)

D:\Users\cdn\workspace/lib/clibs\libleonardo.a(wiring.c.o)
                              ./HaikuVM/haikuJavaNatives.o (millis)
D:\Users\cdn\workspace/lib/clibs\libleonardo.a(wiring_analog.c.o)
                              ./HaikuVM/utility/NativeCFunctions.o (analogRead)
D:\Users\cdn\workspace/lib/clibs\libleonardo.a(wiring_digital.c.o)
                              ./HaikuVM/utility/NativeCFunctions.o (pinMode)
D:\Users\cdn\workspace/lib/clibs\libleonardo.a(CDC.cpp.o)
                              ./HaikuVM/examples/HaikuVM/HaikuVMUsingArduinoLIB.o (Serial_::begin(unsigned int))
D:\Users\cdn\workspace/lib/clibs\libleonardo.a(new.cpp.o)
                              D:\Users\cdn\workspace/lib/clibs\libleonardo.a(CDC.cpp.o) (__cxa_pure_virtual)
D:\Users\cdn\workspace/lib/clibs\libleonardo.a(Print.cpp.o)
                              D:\Users\cdn\workspace/lib/clibs\libleonardo.a(CDC.cpp.o) (Print::write(unsigned char const*, unsigned int))
D:\Users\cdn\workspace/lib/clibs\libleonardo.a(USBCore.cpp.o)
                              D:\Users\cdn\workspace/lib/clibs\libleonardo.a(CDC.cpp.o) (USB_Recv(unsigned char))
D:\Users\cdn\workspace/lib/clibs\libleonardo.a(WString.cpp.o)
                              D:\Users\cdn\workspace/lib/clibs\libleonardo.a(Print.cpp.o) (String::operator[](unsigned int) const)
D:\Users\cdn\workspace/lib/clibs\libleonardo.a(HID.cpp.o)
                              D:\Users\cdn\workspace/lib/clibs\libleonardo.a(USBCore.cpp.o) (HID_Setup(Setup&))
d:/winavr-20100110/bin/../lib/gcc/avr/4.3.3/../../../../avr/lib/avr5\libc.a(malloc.o)
                              D:\Users\cdn\workspace/lib/clibs\libleonardo.a(new.cpp.o) (malloc)
d:/winavr-20100110/bin/../lib/gcc/avr/4.3.3/../../../../avr/lib/avr5\libc.a(realloc.o)
                              D:\Users\cdn\workspace/lib/clibs\libleonardo.a(WString.cpp.o) (realloc)
d:/winavr-20100110/bin/../lib/gcc/avr/4.3.3/../../../../avr/lib/avr5\libc.a(atol.o)
                              D:\Users\cdn\workspace/lib/clibs\libleonardo.a(WString.cpp.o) (atol)
d:/winavr-20100110/bin/../lib/gcc/avr/4.3.3/../../../../avr/lib/avr5\libc.a(exit.o)
                              d:/winavr-20100110/bin/../lib/gcc/avr/4.3.3/../../../../avr/lib/avr5/crtm32u4.o (exit)
d:/winavr-20100110/bin/../lib/gcc/avr/4.3.3/../../../../avr/lib/avr5\libc.a(isspace.o)
                              D:\Users\cdn\workspace/lib/clibs\libleonardo.a(WString.cpp.o) (isspace)
d:/winavr-20100110/bin/../lib/gcc/avr/4.3.3/../../../../avr/lib/avr5\libc.a(tolower.o)
                              D:\Users\cdn\workspace/lib/clibs\libleonardo.a(WString.cpp.o) (tolower)
d:/winavr-20100110/bin/../lib/gcc/avr/4.3.3/../../../../avr/lib/avr5\libc.a(toupper.o)
                              D:\Users\cdn\workspace/lib/clibs\libleonardo.a(WString.cpp.o) (toupper)
d:/winavr-20100110/bin/../lib/gcc/avr/4.3.3/../../../../avr/lib/avr5\libc.a(memcpy_P.o)
                              ./HaikuVM/haikuJ2C.o (memcpy_P)
d:/winavr-20100110/bin/../lib/gcc/avr/4.3.3/../../../../avr/lib/avr5\libc.a(memcpy.o)
                              ./HaikuVM/haikuJavaNatives.o (memcpy)
d:/winavr-20100110/bin/../lib/gcc/avr/4.3.3/../../../../avr/lib/avr5\libc.a(memmove.o)
                              D:\Users\cdn\workspace/lib/clibs\libleonardo.a(WString.cpp.o) (memmove)
d:/winavr-20100110/bin/../lib/gcc/avr/4.3.3/../../../../avr/lib/avr5\libc.a(memset.o)
                              ./HaikuVM/heap.o (memset)
d:/winavr-20100110/bin/../lib/gcc/avr/4.3.3/../../../../avr/lib/avr5\libc.a(strchr.o)
                              D:\Users\cdn\workspace/lib/clibs\libleonardo.a(WString.cpp.o) (strchr)
d:/winavr-20100110/bin/../lib/gcc/avr/4.3.3/../../../../avr/lib/avr5\libc.a(strcmp.o)
                              D:\Users\cdn\workspace/lib/clibs\libleonardo.a(WString.cpp.o) (strcmp)
d:/winavr-20100110/bin/../lib/gcc/avr/4.3.3/../../../../avr/lib/avr5\libc.a(strcpy.o)
                              D:\Users\cdn\workspace/lib/clibs\libleonardo.a(WString.cpp.o) (strcpy)
d:/winavr-20100110/bin/../lib/gcc/avr/4.3.3/../../../../avr/lib/avr5\libc.a(strncmp.o)
                              D:\Users\cdn\workspace/lib/clibs\libleonardo.a(WString.cpp.o) (strncmp)
d:/winavr-20100110/bin/../lib/gcc/avr/4.3.3/../../../../avr/lib/avr5\libc.a(strncpy.o)
                              D:\Users\cdn\workspace/lib/clibs\libleonardo.a(WString.cpp.o) (strncpy)
d:/winavr-20100110/bin/../lib/gcc/avr/4.3.3/../../../../avr/lib/avr5\libc.a(strrchr.o)
                              D:\Users\cdn\workspace/lib/clibs\libleonardo.a(WString.cpp.o) (strrchr)
d:/winavr-20100110/bin/../lib/gcc/avr/4.3.3/../../../../avr/lib/avr5\libc.a(strstr.o)
                              D:\Users\cdn\workspace/lib/clibs\libleonardo.a(WString.cpp.o) (strstr)
d:/winavr-20100110/bin/../lib/gcc/avr/4.3.3/../../../../avr/lib/avr5\libc.a(itoa.o)
[...]
Memory Configuration

Name             Origin             Length             Attributes
text             0x00000000         0x00020000         xr
data             0x00800060         0x0000ffa0         rw !x
eeprom           0x00810000         0x00010000         rw !x
fuse             0x00820000         0x00000400         rw !x
lock             0x00830000         0x00000400         rw !x
signature        0x00840000         0x00000400         rw !x
*default*        0x00000000         0xffffffff

Linker script and memory map

Address of section .data set to 0x800100
LOAD d:/winavr-20100110/bin/../lib/gcc/avr/4.3.3/../../../../avr/lib/avr5/crtm32u4.o
LOAD ./HaikuVM/examples/HaikuVM/HaikuVMUsingArduinoLIB.o
LOAD ./HaikuVM/utility/haikuConfig.o
LOAD ./HaikuVM/utility/haikuJava.o
LOAD ./HaikuVM/utility/haikuJNI.o
LOAD ./HaikuVM/utility/NativeCFunctions.o
LOAD ./HaikuVM/HaikuAppMain.o
LOAD ./HaikuVM/haikuJ2C.o
LOAD ./HaikuVM/haikuJavaNatives.o
LOAD ./HaikuVM/halfprecision.o
LOAD ./HaikuVM/heap.o
LOAD ./HaikuVM/JVM.o
LOAD ./HaikuVM/romspace.o
LOAD ./HaikuVM/simpleOS.o
LOAD ./tutorials/ArduinoUsingCLIB.o
LOAD ./tutorials/interruptTimer2.o
LOAD ./tutorials/JNIenhanced.o
LOAD ./tutorials/JNINativeLIBC.o
LOAD ./tutorials/JNIsimple.o
LOAD ./tutorials/JNI_FieldAccess.o
LOAD ./tutorials/NativeCVariableClass.o
LOAD ./tutorials/NativeCVariableEnhanced.o
LOAD ./tutorials/NativeCVariableSimple.o
LOAD ./tutorials/ProcessingCLIB.o
LOAD D:\Users\cdn\workspace/lib/clibs\libleonardo.a
LOAD d:/winavr-20100110/bin/../lib/gcc/avr/4.3.3/../../../../avr/lib/avr5\libc.a
LOAD d:/winavr-20100110/bin/../lib/gcc/avr/4.3.3/../../../../avr/lib/avr5\libc.a
LOAD d:/winavr-20100110/bin/../lib/gcc/avr/4.3.3/avr5\libgcc.a
LOAD d:/winavr-20100110/bin/../lib/gcc/avr/4.3.3/../../../../avr/lib/avr5\libm.a
LOAD d:/winavr-20100110/bin/../lib/gcc/avr/4.3.3/../../../../avr/lib/avr5\libc.a
LOAD d:/winavr-20100110/bin/../lib/gcc/avr/4.3.3/avr5\libgcc.a
LOAD d:/winavr-20100110/bin/../lib/gcc/avr/4.3.3/../../../../avr/lib/avr5\libc.a
LOAD d:/winavr-20100110/bin/../lib/gcc/avr/4.3.3/avr5\libgcc.a

.hash
 *(.hash)

.dynsym
 *(.dynsym)

.dynstr
 *(.dynstr)

.gnu.version
 *(.gnu.version)

.gnu.version_d
 *(.gnu.version_d)

.gnu.version_r
 *(.gnu.version_r)

.rel.init
 *(.rel.init)

.rela.init
 *(.rela.init)

.rel.text
 *(.rel.text)
 *(.rel.text.*)
 *(.rel.gnu.linkonce.t*)

.rela.text
 *(.rela.text)
 *(.rela.text.*)
 *(.rela.gnu.linkonce.t*)

.rel.fini
 *(.rel.fini)

.rela.fini
 *(.rela.fini)

.rel.rodata
 *(.rel.rodata)
 *(.rel.rodata.*)
 *(.rel.gnu.linkonce.r*)

.rela.rodata
 *(.rela.rodata)
 *(.rela.rodata.*)
 *(.rela.gnu.linkonce.r*)

.rel.data
 *(.rel.data)
 *(.rel.data.*)
 *(.rel.gnu.linkonce.d*)

.rela.data
 *(.rela.data)
 *(.rela.data.*)
 *(.rela.gnu.linkonce.d*)

.rel.ctors
 *(.rel.ctors)

.rela.ctors
 *(.rela.ctors)

.rel.dtors
 *(.rel.dtors)

.rela.dtors
 *(.rela.dtors)

.rel.got
 *(.rel.got)

.rela.got
 *(.rela.got)

.rel.bss
 *(.rel.bss)

.rela.bss
 *(.rela.bss)

.rel.plt
 *(.rel.plt)

.rela.plt
 *(.rela.plt)

.text           0x00000000     0x2fbc
 *(.vectors)
 .vectors       0x00000000       0xac d:/winavr-20100110/bin/../lib/gcc/avr/4.3.3/../../../../avr/lib/avr5/crtm32u4.o
                0x00000000                __vectors
                0x00000000                __vector_default
 *(.vectors)
 *(.progmem.gcc*)
 *(.progmem*)
 .progmem.data  0x000000ac       0x9b ./HaikuVM/utility/haikuConfig.o
                0x000000ac                Const0000
                0x000000d1                exceptionTable
                0x000000be                Const0001
                0x000000cf                Const0002
                0x000000e1                functionTable
 .progmem.data  0x00000147      0x533 ./HaikuVM/utility/haikuJava.o
                0x000005f0                processing_hardware_arduino_cores_arduino_Print__class
                0x000001e9                haiku_vm_MicroKernel_clinitHaikuMagic_V
                0x00000220                java_lang_Error__class
                0x0000016f                java_lang_Throwable_fillInStackTrace_Ljava_lang_Throwable
                0x00000174                java_lang_Throwable__class
                0x0000060a                processing_hardware_arduino_cores_arduino_Arduino_digitalWrite_IIV
                0x00000534                processing_hardware_arduino_cores_arduino_Print_print_CV
                0x000004e4                arduino_libraries_liquidcrystal_LiquidCrystal_write8bits_BV
                0x00000180                java_lang_Object__class
                0x0000043d                arduino_libraries_liquidcrystal_LiquidCrystal_display_V
                0x00000185                java_lang_Thread_stop_V
                0x00000620                processing_hardware_arduino_cores_arduino_Arduino__clinit(void) volatile
                0x0000065c                processing_hardware_arduino_cores_arduino_Stream__class
                0x000001cb                java_lang_String_length_I
                0x0000055b                processing_hardware_arduino_cores_arduino_Print_print_IV
                0x000001c6                YC__class
                0x000001b4                java_lang_Thread_currentThread_Ljava_lang_Thread
                0x00000642                processing_hardware_arduino_cores_arduino_HardwareSerial__class
                0x00000631                processing_hardware_arduino_cores_arduino_HardwareSerial__init(void) volatile
                0x0000023b                nl_vandenzen_arduino_lcdtest1_LcdTest_loop_V
                0x0000057d                processing_hardware_arduino_cores_arduino_Print_printNumber_JIV
                0x000001bb                java_lang_Thread_setStateAndSwitch_II
                0x00000147                haiku_avr_lib_arduino_HaikuMicroKernelProcessing_init_V
                0x0000029e                arduino_libraries_liquidcrystal_LiquidCrystal_init_BBBBBBBBBBBBV
                0x00000328                arduino_libraries_liquidcrystal_LiquidCrystal_begin_BBBV
                0x0000017c                java_lang_Object__init(void) volatile
                0x000003fc                arduino_libraries_liquidcrystal_LiquidCrystal_clear_V
                0x0000049e                arduino_libraries_liquidcrystal_LiquidCrystal_pulseEnable_V
                0x000001d4                java_lang_String_charAt_IC
                0x0000014a                main_YLjava_lang_String
                0x000001be                java_lang_Thread__class
                0x0000064a                processing_hardware_arduino_cores_arduino_Stream__init(void) volatile
                0x00000467                arduino_libraries_liquidcrystal_LiquidCrystal_send_BBV
                0x00000565                processing_hardware_arduino_cores_arduino_Print_print_JV
                0x0000015f                java_lang_Throwable__init__Ljava_lang_String_V
                0x00000225                nl_vandenzen_arduino_lcdtest1_LcdTest_setup_V
                0x0000025b                nl_vandenzen_arduino_lcdtest1_LcdTest__clinit(void) volatile
                0x0000063c                processing_hardware_arduino_cores_arduino_HardwareSerial_write_BB
                0x0000066c                processing_hardware_arduino_cores_arduino_ArduinoImpl_digitalWrite_BBV
                0x00000675                processing_hardware_arduino_cores_arduino_ArduinoImpl__class
                0x00000661                processing_hardware_arduino_cores_arduino_HardwareSerialImpl_write_BB
                0x0000015a                haiku_avr_lib_arduino_HaikuMicroKernelProcessing__class
                0x000004bb                arduino_libraries_liquidcrystal_LiquidCrystal_write4bits_BV
                0x000001de                java_lang_String__class
                0x00000613                processing_hardware_arduino_cores_arduino_Arduino_analogRead_II
                0x0000062c                processing_hardware_arduino_cores_arduino_Arduino__class
                0x0000020d                java_lang_OutOfMemoryError__init__Ljava_lang_String_V
                0x00000601                processing_hardware_arduino_cores_arduino_Arduino_pinMode_IIV
                0x0000027a                YB__class
                0x00000214                java_lang_OutOfMemoryError__class
                0x0000050e                arduino_libraries_liquidcrystal_LiquidCrystal__class
                0x00000219                java_lang_Error__init__Ljava_lang_String_V
                0x0000027f                arduino_libraries_liquidcrystal_LiquidCrystal__init__BBBBBBV
                0x000001f9                haiku_vm_MicroKernel__clinit(void) volatile
                0x0000045e                arduino_libraries_liquidcrystal_LiquidCrystal_write_BB
                0x0000061a                processing_hardware_arduino_cores_arduino_Arduino_delayMicroseconds_IV
                0x0000052e                processing_hardware_arduino_cores_arduino_Print__init(void) volatile
                0x000005e8                processing_hardware_arduino_cores_arduino_Print__clinit(void) volatile
                0x00000669                processing_hardware_arduino_cores_arduino_ArduinoImpl_pinMode_BBV
                0x000003f1                arduino_libraries_liquidcrystal_LiquidCrystal_begin_BBV
                0x00000407                arduino_libraries_liquidcrystal_LiquidCrystal_setCursor_BBV
                0x00000208                haiku_vm_MicroKernel__class
                0x00000456                arduino_libraries_liquidcrystal_LiquidCrystal_command_BV
                0x0000066f                processing_hardware_arduino_cores_arduino_ArduinoImpl_analogRead_BI
                0x00000672                processing_hardware_arduino_cores_arduino_ArduinoImpl_delayMicroseconds_IV
                0x00000275                nl_vandenzen_arduino_lcdtest1_LcdTest__class
                0x00000664                processing_hardware_arduino_cores_arduino_HardwareSerialImpl__class
                0x0000053f                processing_hardware_arduino_cores_arduino_Print_print_Ljava_lang_String_V
 .progmem.data  0x0000067a        0x9 ./HaikuVM/haikuJ2C.o
                0x0000067a                defs
 .progmem.data  0x00000683      0x200 ./HaikuVM/JVM.o
 .progmem.data  0x00000883       0x82 D:\Users\cdn\workspace/lib/clibs\libleonardo.a(wiring_digital.c.o)
                0x00000883                port_to_mode_PGM
                0x000008ad                digital_pin_to_port_PGM
                0x000008cb                digital_pin_to_bit_mask_PGM
                0x00000891                port_to_output_PGM
                0x0000089f                port_to_input_PGM
                0x000008e9                digital_pin_to_timer_PGM
                0x000008f9                analog_pin_to_channel_PGM
 .progmem.data  0x00000905       0x42 D:\Users\cdn\workspace/lib/clibs\libleonardo.a(CDC.cpp.o)
                0x00000905                _cdcInterface
 .progmem.data  0x00000947       0x67 D:\Users\cdn\workspace/lib/clibs\libleonardo.a(USBCore.cpp.o)
                0x00000947                STRING_LANGUAGE
                0x0000094b                STRING_IPRODUCT
                0x00000985                USB_DeviceDescriptor
                0x000009a9                _initEndpoints
                0x0000096d                STRING_IMANUFACTURER
                0x00000997                USB_DeviceDescriptorA
 .progmem.data  0x000009ae       0xfe D:\Users\cdn\workspace/lib/clibs\libleonardo.a(HID.cpp.o)
                0x00000a2c                _asciimap
                0x000009ae                _hidReportDescriptor
                0x00000a13                _hidInterface
                0x00000aac                . = ALIGN (0x2)
                0x00000aac                __trampolines_start = .
 *(.trampolines)
 .trampolines   0x00000aac        0x0 linker stubs
 *(.trampolines*)
                0x00000aac                __trampolines_end = .
 *(.jumptables)
 *(.jumptables*)
 *(.lowtext)
 *(.lowtext*)
                0x00000aac                __ctors_start = .
 *(.ctors)
 .ctors         0x00000aac        0x2 D:\Users\cdn\workspace/lib/clibs\libleonardo.a(CDC.cpp.o)
 .ctors         0x00000aae        0x2 D:\Users\cdn\workspace/lib/clibs\libleonardo.a(USBCore.cpp.o)
 .ctors         0x00000ab0        0x2 D:\Users\cdn\workspace/lib/clibs\libleonardo.a(HID.cpp.o)
                0x00000ab2                __ctors_end = .
                0x00000ab2                __dtors_start = .
 *(.dtors)
                0x00000ab2                __dtors_end = .
 SORT(*)(.ctors)
 SORT(*)(.dtors)
 *(.init0)
 .init0         0x00000ab2        0x0 d:/winavr-20100110/bin/../lib/gcc/avr/4.3.3/../../../../avr/lib/avr5/crtm32u4.o
                0x00000ab2                __init
 *(.init0)
 *(.init1)
 *(.init1)
 *(.init2)
 .init2         0x00000ab2        0xc d:/winavr-20100110/bin/../lib/gcc/avr/4.3.3/../../../../avr/lib/avr5/crtm32u4.o
 *(.init2)
 *(.init3)
 *(.init3)
 *(.init4)
 .init4         0x00000abe       0x16 d:/winavr-20100110/bin/../lib/gcc/avr/4.3.3/avr5\libgcc.a(_copy_data.o)
                0x00000abe                __do_copy_data
 .init4         0x00000ad4       0x10 d:/winavr-20100110/bin/../lib/gcc/avr/4.3.3/avr5\libgcc.a(_clear_bss.o)
                0x00000ad4                __do_clear_bss
 *(.init4)
 *(.init5)
 *(.init5)
 *(.init6)
 .init6         0x00000ae4       0x16 d:/winavr-20100110/bin/../lib/gcc/avr/4.3.3/avr5\libgcc.a(_ctors.o)
                0x00000ae4                __do_global_ctors
 *(.init6)
 *(.init7)
 *(.init7)
 *(.init8)
 *(.init8)
 *(.init9)
 .init9         0x00000afa        0x8 d:/winavr-20100110/bin/../lib/gcc/avr/4.3.3/../../../../avr/lib/avr5/crtm32u4.o
 *(.init9)
 *(.text)
 .text          0x00000b02        0x4 d:/winavr-20100110/bin/../lib/gcc/avr/4.3.3/../../../../avr/lib/avr5/crtm32u4.o
                0x00000b02                __vector_38
                0x00000b02                __vector_22
                0x00000b02                __vector_28
                0x00000b02                __vector_1
                0x00000b02                __vector_32
                0x00000b02                __vector_34
                0x00000b02                __vector_24
                0x00000b02                __vector_12
                0x00000b02                __bad_interrupt
                0x00000b02                __vector_6
                0x00000b02                __vector_31
                0x00000b02                __vector_35
                0x00000b02                __vector_39
                0x00000b02                __vector_3
                0x00000b02                __vector_30
                0x00000b02                __vector_25
                0x00000b02                __vector_13
                0x00000b02                __vector_17
                0x00000b02                __vector_19
                0x00000b02                __vector_7
                0x00000b02                __vector_41
                0x00000b02                __vector_27
                0x00000b02                __vector_5
                0x00000b02                __vector_33
                0x00000b02                __vector_37
                0x00000b02                __vector_4
                0x00000b02                __vector_9
                0x00000b02                __vector_2
                0x00000b02                __vector_21
                0x00000b02                __vector_15
                0x00000b02                __vector_36
                0x00000b02                __vector_29
                0x00000b02                __vector_40
                0x00000b02                __vector_8
                0x00000b02                __vector_26
                0x00000b02                __vector_14
                0x00000b02                __vector_16
                0x00000b02                __vector_18
                0x00000b02                __vector_20
                0x00000b02                __vector_42
                0x00000b06                . = ALIGN (0x2)
 *(.text.*)
 .text.native_processing_hardware_arduino_cores_arduino_HardwareSerialImpl_write_BB
                0x00000b06       0x1a ./HaikuVM/examples/HaikuVM/HaikuVMUsingArduinoLIB.o
                0x00000b06                native_processing_hardware_arduino_cores_arduino_HardwareSerialImpl_write_BB
 .text.native_processing_hardware_arduino_cores_arduino_ArduinoImpl_delayMicroseconds_IV
                0x00000b20       0x18 ./HaikuVM/utility/NativeCFunctions.o
                0x00000b20                native_processing_hardware_arduino_cores_arduino_ArduinoImpl_delayMicroseconds_IV
 .text.native_processing_hardware_arduino_cores_arduino_ArduinoImpl_analogRead_BI
                0x00000b38       0x1a ./HaikuVM/utility/NativeCFunctions.o
                0x00000b38                native_processing_hardware_arduino_cores_arduino_ArduinoImpl_analogRead_BI
 .text.native_processing_hardware_arduino_cores_arduino_ArduinoImpl_digitalWrite_BBV
                0x00000b52       0x24 ./HaikuVM/utility/NativeCFunctions.o
                0x00000b52                native_processing_hardware_arduino_cores_arduino_ArduinoImpl_digitalWrite_BBV
 .text.native_processing_hardware_arduino_cores_arduino_ArduinoImpl_pinMode_BBV
                0x00000b76       0x24 ./HaikuVM/utility/NativeCFunctions.o
                0x00000b76                native_processing_hardware_arduino_cores_arduino_ArduinoImpl_pinMode_BBV
 .text.main     0x00000b9a        0xa ./HaikuVM/HaikuAppMain.o
                0x00000b9a                main
 .text.throwException
                0x00000ba4        0x2 ./HaikuVM/haikuJ2C.o
                0x00000ba4                throwException
 .text.getMethod
                0x00000ba6       0x9c ./HaikuVM/haikuJ2C.o
                0x00000ba6                getMethod
 .text.push     0x00000c42       0x1c ./HaikuVM/haikuJ2C.o
                0x00000c42                push
 .text.getLocal
                0x00000c5e       0x14 ./HaikuVM/haikuJ2C.o
                0x00000c5e                getLocal
 .text.setLocal
                0x00000c72       0x1c ./HaikuVM/haikuJ2C.o
                0x00000c72                setLocal
 .text.pushTop0
                0x00000c8e       0x14 ./HaikuVM/haikuJ2C.o
                0x00000c8e                pushTop0
 .text.pushTop  0x00000ca2       0x14 ./HaikuVM/haikuJ2C.o
                0x00000ca2                pushTop
 .text.pop      0x00000cb6       0x18 ./HaikuVM/haikuJ2C.o
                0x00000cb6                pop
 .text.popTop0  0x00000cce       0x14 ./HaikuVM/haikuJ2C.o
                0x00000cce                popTop0
 .text.popTop   0x00000ce2       0x14 ./HaikuVM/haikuJ2C.o
                0x00000ce2                popTop
 .text.apop     0x00000cf6        0xc ./HaikuVM/haikuJ2C.o
                0x00000cf6                apop
 .text.ipop     0x00000d02        0xc ./HaikuVM/haikuJ2C.o
                0x00000d02                ipop
 .text.popp2    0x00000d0e       0x18 ./HaikuVM/haikuJ2C.o
                0x00000d0e                popp2
 .text.areturn  0x00000d26       0x74 ./HaikuVM/haikuJ2C.o
                0x00000d26                areturn
 .text.invoke   0x00000d9a      0x152 ./HaikuVM/haikuJ2C.o
                0x00000d9a                invoke
 .text.getField
                0x00000eec       0x24 ./HaikuVM/haikuJ2C.o
                0x00000eec                getField
 .text.compare  0x00000f10       0x46 ./HaikuVM/haikuJ2C.o
                0x00000f10                compare
 .text.ldc      0x00000f56       0x9c ./HaikuVM/haikuJ2C.o
                0x00000f56                ldc
 .text.native_java_lang_Thread_setStateAndSwitch_II
                0x00000ff2       0x18 ./HaikuVM/haikuJavaNatives.o
                0x00000ff2                native_java_lang_Thread_setStateAndSwitch_II
 .text.getObjLength
                0x0000100a        0xe ./HaikuVM/heap.o
                0x0000100a                getObjLength
 .text.setMark  0x00001018       0x7e ./HaikuVM/heap.o
 .text.native_java_lang_System_gc_V
                0x00001096      0x132 ./HaikuVM/heap.o
                0x00001096                native_java_lang_System_gc_V
 .text.GCalloc  0x000011c8      0x128 ./HaikuVM/heap.o
                0x000011c8                GCalloc
 .text.newarray
                0x000012f0       0x3e ./HaikuVM/heap.o
                0x000012f0                newarray
 .text.newStack
                0x0000132e        0xa ./HaikuVM/heap.o
                0x0000132e                newStack
 .text.newInstance
                0x00001338        0xe ./HaikuVM/heap.o
                0x00001338                newInstance
 .text.GETCODEWORD2
                0x00001346       0x1c ./HaikuVM/JVM.o
                0x00001346                GETCODEWORD2
 .text.GETCODEBYTE2
                0x00001362       0x18 ./HaikuVM/JVM.o
                0x00001362                GETCODEBYTE2
 .text.setupHaikuVM
                0x0000137a       0x68 ./HaikuVM/JVM.o
                0x0000137a                setupHaikuVM
 .text.switchThread
                0x000013e2       0x70 ./HaikuVM/JVM.o
                0x000013e2                switchThread
 .text.startJVM
                0x00001452      0x59e ./HaikuVM/JVM.o
                0x00001452                startJVM
 .text.interpretNextByteCode
                0x000019f0      0x558 ./HaikuVM/JVM.o
                0x000019f0                interpretNextByteCode
 .text.Java_haiku_avr_lib_arduino_HaikuMicroKernelProcessing_init
                0x00001f48        0xe ./tutorials/ProcessingCLIB.o
                0x00001f48                Java_haiku_avr_lib_arduino_HaikuMicroKernelProcessing_init
 .text.native_haiku_avr_lib_arduino_HaikuMicroKernelProcessing_init_V
                0x00001f56       0x16 ./tutorials/ProcessingCLIB.o
                0x00001f56                native_haiku_avr_lib_arduino_HaikuMicroKernelProcessing_init_V
 .text.__vector_23
                0x00001f6c       0x90 D:\Users\cdn\workspace/lib/clibs\libleonardo.a(wiring.c.o)
                0x00001f6c                __vector_23
 .text.millis   0x00001ffc       0x1c D:\Users\cdn\workspace/lib/clibs\libleonardo.a(wiring.c.o)
                0x00001ffc                millis
 .text.delay    0x00002018       0xb2 D:\Users\cdn\workspace/lib/clibs\libleonardo.a(wiring.c.o)
                0x00002018                delay
 .text.delayMicroseconds
                0x000020ca       0x14 D:\Users\cdn\workspace/lib/clibs\libleonardo.a(wiring.c.o)
                0x000020ca                delayMicroseconds
 .text.init     0x000020de       0xac D:\Users\cdn\workspace/lib/clibs\libleonardo.a(wiring.c.o)
                0x000020de                init
 .text.analogRead
                0x0000218a       0x70 D:\Users\cdn\workspace/lib/clibs\libleonardo.a(wiring_analog.c.o)
                0x0000218a                analogRead
 .text.pinMode  0x000021fa       0x7e D:\Users\cdn\workspace/lib/clibs\libleonardo.a(wiring_digital.c.o)
                0x000021fa                pinMode
 .text.turnOffPWM
                0x00002278       0x9c D:\Users\cdn\workspace/lib/clibs\libleonardo.a(wiring_digital.c.o)
 .text.digitalWrite
                0x00002314       0x66 D:\Users\cdn\workspace/lib/clibs\libleonardo.a(wiring_digital.c.o)
                0x00002314                digitalWrite
 .text._ZN7Serial_9availableEv
                0x0000237a       0x1c D:\Users\cdn\workspace/lib/clibs\libleonardo.a(CDC.cpp.o)
                0x0000237a                Serial_::available()
 .text._ZN7Serial_4peekEv
                0x00002396       0x32 D:\Users\cdn\workspace/lib/clibs\libleonardo.a(CDC.cpp.o)
                0x00002396                Serial_::peek()
 .text._ZN7Serial_4readEv
                0x000023c8       0x46 D:\Users\cdn\workspace/lib/clibs\libleonardo.a(CDC.cpp.o)
                0x000023c8                Serial_::read()
 .text._GLOBAL__I_cdc_rx_buffer
                0x0000240e       0x2e D:\Users\cdn\workspace/lib/clibs\libleonardo.a(CDC.cpp.o)
 .text._ZN7Serial_5writeEh
                0x0000243c       0x50 D:\Users\cdn\workspace/lib/clibs\libleonardo.a(CDC.cpp.o)
                0x0000243c                Serial_::write(unsigned char)
 .text._ZN7Serial_5flushEv
                0x0000248c        0x8 D:\Users\cdn\workspace/lib/clibs\libleonardo.a(CDC.cpp.o)
                0x0000248c                Serial_::flush()
 .text._ZN7Serial_6acceptEv
                0x00002494       0x4c D:\Users\cdn\workspace/lib/clibs\libleonardo.a(CDC.cpp.o)
                0x00002494                Serial_::accept()
 .text._Z16CDC_GetInterfacePh
                0x000024e0       0x18 D:\Users\cdn\workspace/lib/clibs\libleonardo.a(CDC.cpp.o)
                0x000024e0                CDC_GetInterface(unsigned char*)
 .text._Z9CDC_SetupR5Setup
                0x000024f8       0xac D:\Users\cdn\workspace/lib/clibs\libleonardo.a(CDC.cpp.o)
                0x000024f8                CDC_Setup(Setup&)
 .text._ZN5Print5writeEPKhj
                0x000025a4       0x54 D:\Users\cdn\workspace/lib/clibs\libleonardo.a(Print.cpp.o)
                0x000025a4                Print::write(unsigned char const*, unsigned int)
 .text._Z8USB_RecvhPvi
                0x000025f8       0x68 D:\Users\cdn\workspace/lib/clibs\libleonardo.a(USBCore.cpp.o)
                0x000025f8                USB_Recv(unsigned char, void*, int)
 .text._Z8USB_Recvh
                0x00002660       0x32 D:\Users\cdn\workspace/lib/clibs\libleonardo.a(USBCore.cpp.o)
                0x00002660                USB_Recv(unsigned char)
 .text._Z15USB_SendControlhPKvi
                0x00002692       0x88 D:\Users\cdn\workspace/lib/clibs\libleonardo.a(USBCore.cpp.o)
                0x00002692                USB_SendControl(unsigned char, void const*, int)
 .text._Z15USB_RecvControlPvi
                0x0000271a       0x30 D:\Users\cdn\workspace/lib/clibs\libleonardo.a(USBCore.cpp.o)
                0x0000271a                USB_RecvControl(void*, int)
 .text._Z9USB_Flushh
                0x0000274a       0x14 D:\Users\cdn\workspace/lib/clibs\libleonardo.a(USBCore.cpp.o)
                0x0000274a                USB_Flush(unsigned char)
 .text._GLOBAL__I_TxLEDPulse
                0x0000275e        0x2 D:\Users\cdn\workspace/lib/clibs\libleonardo.a(USBCore.cpp.o)
 .text._ZN10USBDevice_6attachEv
                0x00002760       0x3c D:\Users\cdn\workspace/lib/clibs\libleonardo.a(USBCore.cpp.o)
                0x00002760                USBDevice_::attach()
 .text._Z8USB_SendhPKvi
                0x0000279c      0x14a D:\Users\cdn\workspace/lib/clibs\libleonardo.a(USBCore.cpp.o)
                0x0000279c                USB_Send(unsigned char, void const*, int)
 .text.__vector_10
                0x000028e6       0xdc D:\Users\cdn\workspace/lib/clibs\libleonardo.a(USBCore.cpp.o)
                0x000028e6                __vector_10
 .text._Z14SendInterfacesv
                0x000029c2       0x32 D:\Users\cdn\workspace/lib/clibs\libleonardo.a(USBCore.cpp.o)
                0x000029c2                SendInterfaces()
 .text.__vector_11
                0x000029f4      0x292 D:\Users\cdn\workspace/lib/clibs\libleonardo.a(USBCore.cpp.o)
                0x000029f4                __vector_11
 .text._Z9HID_SetupR5Setup
                0x00002c86       0x38 D:\Users\cdn\workspace/lib/clibs\libleonardo.a(HID.cpp.o)
                0x00002c86                HID_Setup(Setup&)
 .text._ZN9Keyboard_5writeEh
                0x00002cbe       0x3c D:\Users\cdn\workspace/lib/clibs\libleonardo.a(HID.cpp.o)
                0x00002cbe                Keyboard_::write(unsigned char)
 .text._GLOBAL__I_Mouse
                0x00002cfa       0x1a D:\Users\cdn\workspace/lib/clibs\libleonardo.a(HID.cpp.o)
 .text._Z14HID_SendReporthPKvi
                0x00002d14       0x42 D:\Users\cdn\workspace/lib/clibs\libleonardo.a(HID.cpp.o)
                0x00002d14                HID_SendReport(unsigned char, void const*, int)
 .text._ZN9Keyboard_10sendReportEP9KeyReport
                0x00002d56        0xc D:\Users\cdn\workspace/lib/clibs\libleonardo.a(HID.cpp.o)
                0x00002d56                Keyboard_::sendReport(KeyReport*)
 .text._ZN9Keyboard_10releaseAllEv
                0x00002d62       0x1a D:\Users\cdn\workspace/lib/clibs\libleonardo.a(HID.cpp.o)
                0x00002d62                Keyboard_::releaseAll()
 .text._ZN9Keyboard_7releaseEh
                0x00002d7c       0x86 D:\Users\cdn\workspace/lib/clibs\libleonardo.a(HID.cpp.o)
                0x00002d7c                Keyboard_::release(unsigned char)
 .text._ZN9Keyboard_5pressEh
                0x00002e02       0xe2 D:\Users\cdn\workspace/lib/clibs\libleonardo.a(HID.cpp.o)
                0x00002e02                Keyboard_::press(unsigned char)
 .text._Z17HID_GetDescriptori
                0x00002ee4       0x10 D:\Users\cdn\workspace/lib/clibs\libleonardo.a(HID.cpp.o)
                0x00002ee4                HID_GetDescriptor(int)
 .text._Z16HID_GetInterfacePh
                0x00002ef4       0x18 D:\Users\cdn\workspace/lib/clibs\libleonardo.a(HID.cpp.o)
                0x00002ef4                HID_GetInterface(unsigned char*)
 .text.avr-libc
                0x00002f0c        0x6 d:/winavr-20100110/bin/../lib/gcc/avr/4.3.3/../../../../avr/lib/avr5\libc.a(exit.o)
                0x00002f0c                exit
 .text.avr-libc
                0x00002f12       0x12 d:/winavr-20100110/bin/../lib/gcc/avr/4.3.3/../../../../avr/lib/avr5\libc.a(memcpy_P.o)
                0x00002f12                memcpy_P
 .text.avr-libc
                0x00002f24        0xe d:/winavr-20100110/bin/../lib/gcc/avr/4.3.3/../../../../avr/lib/avr5\libc.a(memset.o)
                0x00002f24                memset
 .text.libgcc   0x00002f32       0x44 d:/winavr-20100110/bin/../lib/gcc/avr/4.3.3/avr5\libgcc.a(_udivmodsi4.o)
                0x00002f32                __udivmodsi4
 .text.libgcc   0x00002f76       0x36 d:/winavr-20100110/bin/../lib/gcc/avr/4.3.3/avr5\libgcc.a(_divmodsi4.o)
                0x00002f76                __divmodsi4
 .text.libgcc   0x00002fac        0xc d:/winavr-20100110/bin/../lib/gcc/avr/4.3.3/avr5\libgcc.a(_tablejump.o)
                0x00002fb0                __tablejump__
                0x00002fac                __tablejump2__
                0x00002fb8                . = ALIGN (0x2)
 *(.fini9)
 .fini9         0x00002fb8        0x0 d:/winavr-20100110/bin/../lib/gcc/avr/4.3.3/avr5\libgcc.a(_exit.o)
                0x00002fb8                _exit
 *(.fini9)
 *(.fini8)
 *(.fini8)
 *(.fini7)
 *(.fini7)
 *(.fini6)
 *(.fini6)
 *(.fini5)
 *(.fini5)
 *(.fini4)
 *(.fini4)
 *(.fini3)
 *(.fini3)
 *(.fini2)
 *(.fini2)
 *(.fini1)
 *(.fini1)
 *(.fini0)
 .fini0         0x00002fb8        0x4 d:/winavr-20100110/bin/../lib/gcc/avr/4.3.3/avr5\libgcc.a(_exit.o)
 *(.fini0)
                0x00002fbc                _etext = .

.data           0x00800100       0x2c load address 0x00002fbc
                0x00800100                PROVIDE (__data_start, .)
 *(.data)
 *(.data*)
 .data.analog_reference
                0x00800100        0x1 D:\Users\cdn\workspace/lib/clibs\libleonardo.a(wiring_analog.c.o)
                0x00800100                analog_reference
 .data._ZL12_usbLineInfo
                0x00800101        0x8 D:\Users\cdn\workspace/lib/clibs\libleonardo.a(CDC.cpp.o)
 .data._hid_protocol
                0x00800109        0x1 D:\Users\cdn\workspace/lib/clibs\libleonardo.a(HID.cpp.o)
                0x00800109                _hid_protocol
 .data._hid_idle
                0x0080010a        0x1 D:\Users\cdn\workspace/lib/clibs\libleonardo.a(HID.cpp.o)
                0x0080010a                _hid_idle
 *(.rodata)
 *(.rodata*)
 .rodata._ZTV7Serial_
                0x0080010b       0x12 D:\Users\cdn\workspace/lib/clibs\libleonardo.a(CDC.cpp.o)
                0x0080010b                vtable for Serial_
 .rodata._ZTV9Keyboard_
                0x0080011d        0xe D:\Users\cdn\workspace/lib/clibs\libleonardo.a(HID.cpp.o)
                0x0080011d                vtable for Keyboard_
 *(.gnu.linkonce.d*)
                0x0080012c                . = ALIGN (0x2)
 *fill*         0x0080012b        0x1 00
                0x0080012c                _edata = .
                0x0080012c                PROVIDE (__data_end, .)

.bss            0x0080012c      0x95a
                0x0080012c                PROVIDE (__bss_start, .)
 *(.bss)
 *(.bss*)
 .bss.GCcalls   0x0080012c        0x2 ./HaikuVM/heap.o
 .bss.timer0_overflow_count
                0x0080012e        0x4 D:\Users\cdn\workspace/lib/clibs\libleonardo.a(wiring.c.o)
                0x0080012e                timer0_overflow_count
 .bss.timer0_millis
                0x00800132        0x4 D:\Users\cdn\workspace/lib/clibs\libleonardo.a(wiring.c.o)
                0x00800132                timer0_millis
 .bss.timer0_fract
                0x00800136        0x1 D:\Users\cdn\workspace/lib/clibs\libleonardo.a(wiring.c.o)
 .bss.cdc_rx_buffer
                0x00800137       0x44 D:\Users\cdn\workspace/lib/clibs\libleonardo.a(CDC.cpp.o)
                0x00800137                cdc_rx_buffer
 .bss.Serial    0x0080017b        0xe D:\Users\cdn\workspace/lib/clibs\libleonardo.a(CDC.cpp.o)
                0x0080017b                Serial
 .bss.TxLEDPulse
                0x00800189        0x1 D:\Users\cdn\workspace/lib/clibs\libleonardo.a(USBCore.cpp.o)
                0x00800189                TxLEDPulse
 .bss.RxLEDPulse
                0x0080018a        0x1 D:\Users\cdn\workspace/lib/clibs\libleonardo.a(USBCore.cpp.o)
                0x0080018a                RxLEDPulse
 .bss._usbConfiguration
                0x0080018b        0x1 D:\Users\cdn\workspace/lib/clibs\libleonardo.a(USBCore.cpp.o)
                0x0080018b                _usbConfiguration
 .bss._cmark    0x0080018c        0x2 D:\Users\cdn\workspace/lib/clibs\libleonardo.a(USBCore.cpp.o)
                0x0080018c                _cmark
 .bss._cend     0x0080018e        0x2 D:\Users\cdn\workspace/lib/clibs\libleonardo.a(USBCore.cpp.o)
                0x0080018e                _cend
 .bss._cdcComposite
                0x00800190        0x1 D:\Users\cdn\workspace/lib/clibs\libleonardo.a(USBCore.cpp.o)
                0x00800190                _cdcComposite
 .bss.USBDevice
                0x00800191        0x1 D:\Users\cdn\workspace/lib/clibs\libleonardo.a(USBCore.cpp.o)
                0x00800191                USBDevice
 .bss.Mouse     0x00800192        0x1 D:\Users\cdn\workspace/lib/clibs\libleonardo.a(HID.cpp.o)
                0x00800192                Mouse
 .bss.Keyboard  0x00800193        0xc D:\Users\cdn\workspace/lib/clibs\libleonardo.a(HID.cpp.o)
                0x00800193                Keyboard
 *(COMMON)
 COMMON         0x0080019f        0xc ./HaikuVM/utility/haikuConfig.o
                0x0080019f                allStatics
 COMMON         0x008001ab        0xc ./HaikuVM/haikuJ2C.o
                0x008001ab                lsp
                0x008001ad                stack
                0x008001af                top
                0x008001b3                dataSp
                0x008001b5                pc
 COMMON         0x008001b7      0x8cf ./HaikuVM/JVM.o
                0x008001b7                t
                0x008001b8                heapmem
                0x00800a85                bc
                0x00800a86                PROVIDE (__bss_end, .)
                0x00002fbc                __data_load_start = LOADADDR (.data)
                0x00002fe8                __data_load_end = (__data_load_start + SIZEOF (.data))

.noinit         0x00800a86        0x0
                0x00800a86                PROVIDE (__noinit_start, .)
 *(.noinit*)
                0x00800a86                PROVIDE (__noinit_end, .)
                0x00800a86                _end = .
                0x00800a86                PROVIDE (__heap_start, .)

.eeprom         0x00810000        0x0
 *(.eeprom*)
                0x00810000                __eeprom_end = .

.fuse
 *(.fuse)
 *(.lfuse)
 *(.hfuse)
 *(.efuse)

.lock
 *(.lock*)

.signature
 *(.signature*)

.stab
 *(.stab)

.stabstr
 *(.stabstr)

.stab.excl
 *(.stab.excl)

.stab.exclstr
 *(.stab.exclstr)

.stab.index
 *(.stab.index)

.stab.indexstr
 *(.stab.indexstr)

.comment
 *(.comment)

.debug
 *(.debug)

.line
 *(.line)

.debug_srcinfo
 *(.debug_srcinfo)

.debug_sfnames
 *(.debug_sfnames)

.debug_aranges  0x00000000      0x660
 *(.debug_aranges)
 .debug_aranges
                0x00000000       0x48 D:\Users\cdn\workspace/lib/clibs\libleonardo.a(wiring.c.o)
 .debug_aranges
                0x00000048       0x30 D:\Users\cdn\workspace/lib/clibs\libleonardo.a(wiring_analog.c.o)
 .debug_aranges
                0x00000078       0x38 D:\Users\cdn\workspace/lib/clibs\libleonardo.a(wiring_digital.c.o)
 .debug_aranges
                0x000000b0       0x78 D:\Users\cdn\workspace/lib/clibs\libleonardo.a(CDC.cpp.o)
 .debug_aranges
                0x00000128       0x48 D:\Users\cdn\workspace/lib/clibs\libleonardo.a(new.cpp.o)
 .debug_aranges
                0x00000170       0xf0 D:\Users\cdn\workspace/lib/clibs\libleonardo.a(Print.cpp.o)
 .debug_aranges
                0x00000260       0xc8 D:\Users\cdn\workspace/lib/clibs\libleonardo.a(USBCore.cpp.o)
 .debug_aranges
                0x00000328      0x260 D:\Users\cdn\workspace/lib/clibs\libleonardo.a(WString.cpp.o)
 .debug_aranges
                0x00000588       0xd8 D:\Users\cdn\workspace/lib/clibs\libleonardo.a(HID.cpp.o)

.debug_pubnames
                0x00000000     0x103e
 *(.debug_pubnames)
 .debug_pubnames
                0x00000000       0x8d D:\Users\cdn\workspace/lib/clibs\libleonardo.a(wiring.c.o)
 .debug_pubnames
                0x0000008d       0x5a D:\Users\cdn\workspace/lib/clibs\libleonardo.a(wiring_analog.c.o)
 .debug_pubnames
                0x000000e7       0xf8 D:\Users\cdn\workspace/lib/clibs\libleonardo.a(wiring_digital.c.o)
 .debug_pubnames
                0x000001df      0x128 D:\Users\cdn\workspace/lib/clibs\libleonardo.a(CDC.cpp.o)
 .debug_pubnames
                0x00000307       0x94 D:\Users\cdn\workspace/lib/clibs\libleonardo.a(new.cpp.o)
 .debug_pubnames
                0x0000039b      0x200 D:\Users\cdn\workspace/lib/clibs\libleonardo.a(Print.cpp.o)
 .debug_pubnames
                0x0000059b      0x28c D:\Users\cdn\workspace/lib/clibs\libleonardo.a(USBCore.cpp.o)
 .debug_pubnames
                0x00000827      0x5bf D:\Users\cdn\workspace/lib/clibs\libleonardo.a(WString.cpp.o)
 .debug_pubnames
                0x00000de6      0x258 D:\Users\cdn\workspace/lib/clibs\libleonardo.a(HID.cpp.o)

.debug_info     0x00000000     0x853a
 *(.debug_info)
 .debug_info    0x00000000      0x33e D:\Users\cdn\workspace/lib/clibs\libleonardo.a(wiring.c.o)
 .debug_info    0x0000033e      0x281 D:\Users\cdn\workspace/lib/clibs\libleonardo.a(wiring_analog.c.o)
 .debug_info    0x000005bf      0x5cf D:\Users\cdn\workspace/lib/clibs\libleonardo.a(wiring_digital.c.o)
 .debug_info    0x00000b8e     0x1890 D:\Users\cdn\workspace/lib/clibs\libleonardo.a(CDC.cpp.o)
 .debug_info    0x0000241e      0x13b D:\Users\cdn\workspace/lib/clibs\libleonardo.a(new.cpp.o)
 .debug_info    0x00002559     0x1afa D:\Users\cdn\workspace/lib/clibs\libleonardo.a(Print.cpp.o)
 .debug_info    0x00004053     0x1542 D:\Users\cdn\workspace/lib/clibs\libleonardo.a(USBCore.cpp.o)
 .debug_info    0x00005595     0x21c5 D:\Users\cdn\workspace/lib/clibs\libleonardo.a(WString.cpp.o)
 .debug_info    0x0000775a      0xde0 D:\Users\cdn\workspace/lib/clibs\libleonardo.a(HID.cpp.o)
 *(.gnu.linkonce.wi.*)

.debug_abbrev   0x00000000     0x1831
 *(.debug_abbrev)
 .debug_abbrev  0x00000000      0x17d D:\Users\cdn\workspace/lib/clibs\libleonardo.a(wiring.c.o)
 .debug_abbrev  0x0000017d      0x126 D:\Users\cdn\workspace/lib/clibs\libleonardo.a(wiring_analog.c.o)
 .debug_abbrev  0x000002a3      0x167 D:\Users\cdn\workspace/lib/clibs\libleonardo.a(wiring_digital.c.o)
 .debug_abbrev  0x0000040a      0x398 D:\Users\cdn\workspace/lib/clibs\libleonardo.a(CDC.cpp.o)
 .debug_abbrev  0x000007a2       0xdd D:\Users\cdn\workspace/lib/clibs\libleonardo.a(new.cpp.o)
 .debug_abbrev  0x0000087f      0x336 D:\Users\cdn\workspace/lib/clibs\libleonardo.a(Print.cpp.o)
 .debug_abbrev  0x00000bb5      0x4c7 D:\Users\cdn\workspace/lib/clibs\libleonardo.a(USBCore.cpp.o)
 .debug_abbrev  0x0000107c      0x343 D:\Users\cdn\workspace/lib/clibs\libleonardo.a(WString.cpp.o)
 .debug_abbrev  0x000013bf      0x472 D:\Users\cdn\workspace/lib/clibs\libleonardo.a(HID.cpp.o)

.debug_line     0x00000000     0x3b62
 *(.debug_line)
 .debug_line    0x00000000      0x3bd D:\Users\cdn\workspace/lib/clibs\libleonardo.a(wiring.c.o)
 .debug_line    0x000003bd      0x2d1 D:\Users\cdn\workspace/lib/clibs\libleonardo.a(wiring_analog.c.o)
 .debug_line    0x0000068e      0x2fd D:\Users\cdn\workspace/lib/clibs\libleonardo.a(wiring_digital.c.o)
 .debug_line    0x0000098b      0x494 D:\Users\cdn\workspace/lib/clibs\libleonardo.a(CDC.cpp.o)
 .debug_line    0x00000e1f      0x1b2 D:\Users\cdn\workspace/lib/clibs\libleonardo.a(new.cpp.o)
 .debug_line    0x00000fd1      0x757 D:\Users\cdn\workspace/lib/clibs\libleonardo.a(Print.cpp.o)
 .debug_line    0x00001728      0xbf7 D:\Users\cdn\workspace/lib/clibs\libleonardo.a(USBCore.cpp.o)
 .debug_line    0x0000231f     0x1136 D:\Users\cdn\workspace/lib/clibs\libleonardo.a(WString.cpp.o)
 .debug_line    0x00003455      0x70d D:\Users\cdn\workspace/lib/clibs\libleonardo.a(HID.cpp.o)

.debug_frame    0x00000000      0xba0
 *(.debug_frame)
 .debug_frame   0x00000000       0x70 D:\Users\cdn\workspace/lib/clibs\libleonardo.a(wiring.c.o)
 .debug_frame   0x00000070       0x40 D:\Users\cdn\workspace/lib/clibs\libleonardo.a(wiring_analog.c.o)
 .debug_frame   0x000000b0       0x50 D:\Users\cdn\workspace/lib/clibs\libleonardo.a(wiring_digital.c.o)
 .debug_frame   0x00000100       0xd0 D:\Users\cdn\workspace/lib/clibs\libleonardo.a(CDC.cpp.o)
 .debug_frame   0x000001d0       0x70 D:\Users\cdn\workspace/lib/clibs\libleonardo.a(new.cpp.o)
 .debug_frame   0x00000240      0x1c0 D:\Users\cdn\workspace/lib/clibs\libleonardo.a(Print.cpp.o)
 .debug_frame   0x00000400      0x170 D:\Users\cdn\workspace/lib/clibs\libleonardo.a(USBCore.cpp.o)
 .debug_frame   0x00000570      0x4a0 D:\Users\cdn\workspace/lib/clibs\libleonardo.a(WString.cpp.o)
 .debug_frame   0x00000a10      0x190 D:\Users\cdn\workspace/lib/clibs\libleonardo.a(HID.cpp.o)

.debug_str      0x00000000     0x1e96
 *(.debug_str)
 .debug_str     0x00000000      0x102 D:\Users\cdn\workspace/lib/clibs\libleonardo.a(wiring.c.o)
                                0x142 (size before relaxing)
 .debug_str     0x00000102       0xc7 D:\Users\cdn\workspace/lib/clibs\libleonardo.a(wiring_analog.c.o)
                                0x15a (size before relaxing)
 .debug_str     0x000001c9       0xdd D:\Users\cdn\workspace/lib/clibs\libleonardo.a(wiring_digital.c.o)
                                0x1c7 (size before relaxing)
 .debug_str     0x000002a6      0xdd5 D:\Users\cdn\workspace/lib/clibs\libleonardo.a(CDC.cpp.o)
                                0xeb3 (size before relaxing)
 .debug_str     0x0000107b       0xb7 D:\Users\cdn\workspace/lib/clibs\libleonardo.a(new.cpp.o)
                                 0xf5 (size before relaxing)
 .debug_str     0x00001132      0x38a D:\Users\cdn\workspace/lib/clibs\libleonardo.a(Print.cpp.o)
                                0xbdf (size before relaxing)
 .debug_str     0x000014bc      0x4f0 D:\Users\cdn\workspace/lib/clibs\libleonardo.a(USBCore.cpp.o)
                                0x6b6 (size before relaxing)
 .debug_str     0x000019ac      0x1c0 D:\Users\cdn\workspace/lib/clibs\libleonardo.a(WString.cpp.o)
                                0x987 (size before relaxing)
 .debug_str     0x00001b6c      0x32a D:\Users\cdn\workspace/lib/clibs\libleonardo.a(HID.cpp.o)
                                0x589 (size before relaxing)

.debug_loc      0x00000000     0x420a
 *(.debug_loc)
 .debug_loc     0x00000000      0x16d D:\Users\cdn\workspace/lib/clibs\libleonardo.a(wiring.c.o)
 .debug_loc     0x0000016d      0x16b D:\Users\cdn\workspace/lib/clibs\libleonardo.a(wiring_analog.c.o)
 .debug_loc     0x000002d8      0x223 D:\Users\cdn\workspace/lib/clibs\libleonardo.a(wiring_digital.c.o)
 .debug_loc     0x000004fb      0x22f D:\Users\cdn\workspace/lib/clibs\libleonardo.a(CDC.cpp.o)
 .debug_loc     0x0000072a       0x80 D:\Users\cdn\workspace/lib/clibs\libleonardo.a(new.cpp.o)
 .debug_loc     0x000007aa      0xdb8 D:\Users\cdn\workspace/lib/clibs\libleonardo.a(Print.cpp.o)
 .debug_loc     0x00001562      0x828 D:\Users\cdn\workspace/lib/clibs\libleonardo.a(USBCore.cpp.o)
 .debug_loc     0x00001d8a     0x1f05 D:\Users\cdn\workspace/lib/clibs\libleonardo.a(WString.cpp.o)
 .debug_loc     0x00003c8f      0x57b D:\Users\cdn\workspace/lib/clibs\libleonardo.a(HID.cpp.o)

.debug_macinfo
 *(.debug_macinfo)
OUTPUT(LcdTest.elf elf32-avr)
LOAD linker stubs

.debug_ranges   0x00000000      0x6d8
 .debug_ranges  0x00000000       0x40 D:\Users\cdn\workspace/lib/clibs\libleonardo.a(wiring.c.o)
 .debug_ranges  0x00000040       0x28 D:\Users\cdn\workspace/lib/clibs\libleonardo.a(wiring_analog.c.o)
 .debug_ranges  0x00000068       0x30 D:\Users\cdn\workspace/lib/clibs\libleonardo.a(wiring_digital.c.o)
 .debug_ranges  0x00000098       0x70 D:\Users\cdn\workspace/lib/clibs\libleonardo.a(CDC.cpp.o)
 .debug_ranges  0x00000108       0x40 D:\Users\cdn\workspace/lib/clibs\libleonardo.a(new.cpp.o)
 .debug_ranges  0x00000148       0xe8 D:\Users\cdn\workspace/lib/clibs\libleonardo.a(Print.cpp.o)
 .debug_ranges  0x00000230      0x168 D:\Users\cdn\workspace/lib/clibs\libleonardo.a(USBCore.cpp.o)
 .debug_ranges  0x00000398      0x270 D:\Users\cdn\workspace/lib/clibs\libleonardo.a(WString.cpp.o)
 .debug_ranges  0x00000608       0xd0 D:\Users\cdn\workspace/lib/clibs\libleonardo.a(HID.cpp.o)
